register commands/echo
[[0,0.0,0.0],true]
echo "hello world"
[[0,0.0,0.0],["hello world",11]]
