register commands/echo
[[0,0.0,0.0],true]
echo "hello world\nhello world"
[[0,0.0,0.0],["hello world\nhello world",23]]
